     1                                  [org 0x0100]
     2                                  
     3                                  
     4 00000000 B80500                  mov ax, 5
     5 00000003 BB0A00                  mov bx, 10
     6 00000006 01D8                    add ax, bx,
     7                                  
     8 00000008 A1[1700]                mov ax, [num1] ;valid
     9 0000000B 8B1E[1900]              mov bx, [num2] ;valid
    10                                  
    11 0000000F A3[1B00]                mov [num3], ax
    12                                  
    13                                  ;mov [num3], [num1] ;invalid
    14                                  
    15                                  
    16 00000012 B8004C                  mov ax, 0x4c00
    17 00000015 CD21                    int 0x21
    18                                  
    19 00000017 0200                    num1: dw 2
    20 00000019 2200                    num2: dw 34
    21 0000001B 2D00                    num3: dw 45
    22 0000001D 0000                    num4: dw 0
